env: load .env
env: export EXPO_PUBLIC_CLERK_PUBLISHABLE_KEY
✅ Clerk iOS plugin loaded
✅ Clerk Android plugin loaded
Starting project at C:\Users\gerar\OneDrive\Documenti\Dev\headly
✅ Clerk iOS plugin loaded
✅ Clerk Android plugin loaded
✅ Clerk iOS plugin loaded
✅ Clerk Android plugin loaded
✅ Clerk iOS plugin loaded
✅ Clerk Android plugin loaded
✅ Clerk iOS plugin loaded
✅ Clerk Android plugin loaded
Using src/app as the root directory for Expo Router.
Starting Metro Bundler

✅ Clerk iOS plugin loaded
✅ Clerk Android plugin loaded
✅ Clerk iOS plugin loaded
✅ Clerk Android plugin loaded
✅ Clerk iOS plugin loaded
✅ Clerk Android plugin loaded
✅ Clerk iOS plugin loaded
✅ Clerk Android plugin loaded
✅ Clerk iOS plugin loaded
✅ Clerk Android plugin loaded
Waiting on http://localhost:8081
Logs for your project will appear below.
Web Bundled 25110ms node_modules\.pnpm\expo-router@56.2.11_46beac5ff8be9c8859502ce201fa0d31\node_modules\expo-router\entry.js (1131 modules)
Web  INFO  %cDownload the React DevTools for a better development experience: https://react.dev/link/react-devtools font-weight:bold
Web  LOG  Running application "main" with appParams:
 {"hydrate": undefined, "rootTag": "#root"} 
Development-level warnings: ON.
Performance optimizations: OFF.
✅ Clerk iOS plugin loaded
✅ Clerk Android plugin loaded
Web  WARN  Clerk: Clerk has been loaded with development keys. Development instances have strict usage limits and should not be used when deploying your application to production. Learn more: https://clerk.com/docs/deployments/overview
Web  WARN  props.pointerEvents is deprecated. Use style.pointerEvents
Web Bundled 127ms node_modules\.pnpm\expo-router@56.2.11_46beac5ff8be9c8859502ce201fa0d31\node_modules\expo-router\entry.js (1 module)
Web  INFO  %cDownload the React DevTools for a better development experience: https://react.dev/link/react-devtools font-weight:bold
Web  LOG  Running application "main" with appParams:
 {"hydrate": undefined, "rootTag": "#root"} 
Development-level warnings: ON.
Performance optimizations: OFF.
Web  WARN  Image: style.resizeMode is deprecated. Please use props.resizeMode.
Web  WARN  Clerk: Clerk has been loaded with development keys. Development instances have strict usage limits and should not be used when deploying your application to production. Learn more: https://clerk.com/docs/deployments/overview
[metro-file-map] Cache write error
: Error: Data cannot be cloned, out of memory.
    at serialize (node:v8:423:7)
    at C:\Users\gerar\OneDrive\Documenti\Dev\headly\node_modules\.pnpm\@expo+metro-file-map@56.0.3\node_modules\@expo\metro-file-map\build\cache\DiskCacheManager.js:78:83
    at runNextTicks (node:internal/process/task_queues:65:5)
    at process.processTimers (node:internal/timers:520:9)
[metro-file-map] Cache write error
: Error: Data cannot be cloned, out of memory.
    at serialize (node:v8:423:7)
    at C:\Users\gerar\OneDrive\Documenti\Dev\headly\node_modules\.pnpm\@expo+metro-file-map@56.0.3\node_modules\@expo\metro-file-map\build\cache\DiskCacheManager.js:78:83
